// Vitest Snapshot v1, https://vitest.dev/guide/snapshot.html

exports[`Testing the ArrowKeyNavigation.tsx > clears the input on Escape key press 1`] = `
<div>
  <h1>
    Message: 
    Hello
    , Numbers: 
    5
  </h1>
  <div>
    <label
      for="arrow"
    >
      Enter Text
    </label>
    <input
      id="arrow"
      placeholder="enter text"
      type="text"
      value=""
    />
  </div>
</div>
`;
