// Vitest Snapshot v1, https://vitest.dev/guide/snapshot.html

exports[`calls onGreet with Alice 1`] = `
<div>
  <div
    class="h-screen w-screen flex items-center justify-center gap-4"
  >
    <div
      class="w-[320px] px-8 py-12 border-3 border-gray-600 rounded-lg bg-amber-50 flex flex-col items-center jusitfy-center gap-4"
    >
      <h1
        class="text-2xl text-gray-800 text-center"
      >
        This is a test card
      </h1>
      <p
        class="text-lg text-center font-light"
      >
        Lorem ipsum dolor sit amet consectetur adipisicing elit. Voluptatibus beatae doloribus, neque obcaecati labore error.
      </p>
      <button
        class="bg-amber-500 text-white px-12 py-2 rounded-[24px]"
      >
        Greet
      </button>
    </div>
  </div>
</div>
`;
