// Vitest Snapshot v1, https://vitest.dev/guide/snapshot.html

exports[`testing react component > Hello.tsx 1`] = `
<div>
  <h1>
    Hello
  </h1>
</div>
`;
