// Vitest Snapshot v1, https://vitest.dev/guide/snapshot.html

exports[`Testing the ToggleText.tsx component > lets user toggle state 1`] = `
<div>
  <button>
    Toggle
  </button>
</div>
`;
